// Jest Snapshot v1, https://goo.gl/fbAQLP

exports[`NavBar renders navbar component 1`] = `
<DocumentFragment>
  <div
    class="navbar"
  >
    <img
      alt="logo"
      src="logo.png"
    />
    <ul
      class="navbar-links"
    >
      <li
        class="navbar-links-item"
      >
        View Properties
      </li>
      <li
        class="navbar-links-item"
      >
        Add a Property
      </li>
    </ul>
  </div>
</DocumentFragment>
`;
